17
2
6
8
3
1
7
6
10
2
true
true
true
true
true
true
true
true
true